Γû▓ Next.js 16.1.1 (Turbopack)

  Creating an optimized production build ...
node.exe : 
At line:1 char:1
+ & "C:\Program 
Files\nodejs/node.exe" 
"C:\Users\acer\AppData\Roaming\n ...
+ ~~~~~~~~~~~~~~~~~~~~~~~~~~~~~~~~~~
~~~~~~~~~~~~~~~~~~~~~~~~~~~~~~~~~~~
    + CategoryInfo          : NotSp 
   ecified: (:String) [], RemoteEx  
  ception
    + FullyQualifiedErrorId : Nativ 
   eCommandError
 
> Build error occurred
Error: Turbopack build failed with 
1 errors:
./src/app/globals.css
Error evaluating Node.js code
Error: Cannot find module 
'autoprefixer'
Require stack:
- C:\Users\acer\Documents\projects\v
ishwahitha\.next\build\chunks\[root-
of-the-server]__6d51cb5d._.js
- C:\Users\acer\Documents\projects\v
ishwahitha\.next\build\chunks\[turbo
pack]_runtime.js
- C:\Users\acer\Documents\projects\v
ishwahitha\.next\build\postcss.js
    [at Module._resolveFilename (nod
e:internal/modules/cjs/loader:1421:1
5)]
    [at defaultResolveImpl (node:int
ernal/modules/cjs/loader:1059:19)]
    [at resolveForCJSWithHooks (node
:internal/modules/cjs/loader:1064:22
)]
    [at Module._load (node:internal/
modules/cjs/loader:1227:37)]
    [at TracingChannel.traceSync 
(node:diagnostics_channel:328:14)]
    [at wrapModuleLoad (node:interna
l/modules/cjs/loader:245:24)]
    [at Module.require (node:interna
l/modules/cjs/loader:1504:12)]
    [at require (node:internal/modul
es/helpers:152:16)]
    at turbopack:///[turbopack-node]
/transforms/postcss.ts:49:25 [C:\Use
rs\acer\Documents\projects\vishwahit
ha\.next\build\chunks\[root-of-the-s
erver]__6d51cb5d._.js:160:33]
    [at <anonymous>]

Import trace:
  Client Component Browser:
    ./src/app/globals.css [Client 
Component Browser]
    ./src/app/layout.tsx [Server 
Component]


    at ignore-listed frames
